---
source: cubesql/src/compile/mod.rs
expression: "execute_query(\"SELECT current_schemas(false)\".to_string(),\n            DatabaseProtocol::PostgreSQL).await?"
---
+--------------------------------------------+
| pg_catalog.current_schemas(Boolean(false)) |
+--------------------------------------------+
| {public}                                   |
+--------------------------------------------+
